
> frontend@0.0.0 build
> ng build

[33mΓ¥»[39m Building...
[32mΓ£ö[39m Building...
Application bundle generation failed. [9.491 seconds] - 2026-03-11T12:58:33.942Z

node.exe : [1m[31m[31mX [
41;31m[[41;97mERROR[41;31m]
[0m [1mTS2353: Object 
literal may only specify 
known properties, and 
'scale' does not exist in 
type 
'Html2CanvasOptions'.[0m 
[1m[35m[plugin 
angular-compiler][0m
At line:1 char:1
+ & "C:\Program 
Files\nodejs/node.exe" 
"C:\Program 
Files\nodejs/node_mo ...
+ ~~~~~~~~~~~~~~~~~~~~~~~~~~~
~~~~~~~~~~~~~~~~~~~~~~~~~~~~~
~~~~~~~~~~~~~
    + CategoryInfo           
   : NotSpecified: ([1m[3  
  1m[31mX...r-compiler][   
 0m:String) [], RemoteExc    
eption
    + FullyQualifiedErrorId  
   : NativeCommandError
 

    src/app/user-panel/user-p
anel.ts:349:20:
[37m      349 Γöé           
          [32mscale[37m: 
2, // Higher quality
          Γò╡                
     [32m~~~~~[0m

[39m[22m
